<html>
<body>
<pre>
<h1>礦ision Build Log</h1>
<h2>Tool Versions:</h2>
IDE-Version: μVision V5.29.0.0
Copyright (C) 2019 ARM Ltd and ARM Germany GmbH. All rights reserved.
License Information: wu zulie, 高巨创新科技开发有限公司, LIC=IC9PC-78ZYZ-WIN5K-Z0I4P-5DIAH-LIK8E
 
Tool Versions:
Toolchain:       MDK-ARM Professional  Version: 5.29.0.0
Toolchain Path:  d:\Keil_v5\ARM\ARMCC\Bin
C Compiler:      Armcc.exe V5.06 update 6 (build 750)
Assembler:       Armasm.exe V5.06 update 6 (build 750)
Linker/Locator:  ArmLink.exe V5.06 update 6 (build 750)
Library Manager: ArmAr.exe V5.06 update 6 (build 750)
Hex Converter:   FromElf.exe V5.06 update 6 (build 750)
CPU DLL:         SARMCM3.DLL V5.29.0.0
Dialog DLL:      DCM.DLL V1.17.3.0
Target DLL:      UL2CM3.DLL V1.163.0.0
Dialog DLL:      TCM.DLL V1.36.5.0
 
<h2>Project:</h2>
C:\Users\Administrator\Desktop\Tem_DS1624\USER\DS1624.uvprojx
Project File Date:  04/28/2020

<h2>Output:</h2>
*** Using Compiler 'V5.06 update 6 (build 750)', folder: 'd:\Keil_v5\ARM\ARMCC\Bin'
Rebuild target 'DS1624'
assembling startup_stm32f10x_hd.s...
compiling system_stm32f10x.c...
compiling myiic.c...
compiling stm32f10x_it.c...
compiling usart.c...
..\SYSTEM\usart\usart.c(156): warning:  #167-D: argument of type "u8 *" is incompatible with parameter of type "const char *"
  		if(strstr(RxBuff,"Debug") != NULL)
..\SYSTEM\usart\usart.c(158): warning:  #167-D: argument of type "u8 *" is incompatible with parameter of type "const char *"
  			if(strstr(RxBuff,"1") != NULL)
..\SYSTEM\usart\usart.c: 2 warnings, 0 errors
compiling main.c...
main.c(202): warning:  #177-D: variable "result"  was declared but never referenced
  	unsigned char result;
main.c: 1 warning, 0 errors
compiling core_cm3.c...
compiling misc.c...
compiling sys.c...
compiling stm32f10x_fsmc.c...
compiling stm32f10x_gpio.c...
compiling stm32f10x_rcc.c...
compiling stm32f10x_usart.c...
compiling stm32f10x_tim.c...
linking...
Program Size: Code=12072 RO-data=512 RW-data=56 ZI-data=2856  
FromELF: creating hex file...
"..\OBJ\DS1624.axf" - 0 Error(s), 3 Warning(s).

<h2>Software Packages used:</h2>

Package Vendor: Keil
                http://www.keil.com/pack/Keil.STM32F1xx_DFP.1.0.5.pack
                Keil.STM32F1xx_DFP.1.0.5
                STMicroelectronics STM32F1 Series Device Support, Drivers and Examples

<h2>Collection of Component include folders:</h2>
  .\RTE\_DS1624
  d:\Keil_v5\ARM\PACK\Keil\STM32F1xx_DFP\1.0.5\Device\Include

<h2>Collection of Component Files used:</h2>
Build Time Elapsed:  00:00:03
</pre>
</body>
</html>
